2025-12-09 08:11:08,969 DEBUG org.testng.TestNG - suiteXmlPath: "C:\Users\Gowtham\AppData\Local\Temp\testng-eclipse-134832097\testng-customsuite.xml"
2025-12-09 08:11:09,310 INFO  org.testng.internal.Utils - [Utils] MethodGroupsHelper.collectMethodsByGroup() took 1 ms.
2025-12-09 08:11:09,313 INFO  org.testng.internal.Utils - [Utils] MethodGroupsHelper.sortMethods() took 2 ms.
2025-12-09 08:11:09,315 INFO  org.testng.internal.Utils - [Utils] MethodGroupsHelper.collectMethodsByGroup() took 0 ms.
2025-12-09 08:11:09,315 INFO  org.testng.internal.Utils - [Utils] MethodGroupsHelper.sortMethods() took 0 ms.
2025-12-09 08:11:09,316 INFO  org.testng.internal.Utils - [Utils] MethodGroupsHelper.collectMethodsByGroup() took 0 ms.
2025-12-09 08:11:09,317 INFO  org.testng.internal.Utils - [Utils] MethodGroupsHelper.sortMethods() took 0 ms.
2025-12-09 08:11:09,318 INFO  org.testng.internal.Utils - [Utils] MethodGroupsHelper.collectMethodsByGroup() took 0 ms.
2025-12-09 08:11:09,318 INFO  org.testng.internal.Utils - [Utils] MethodGroupsHelper.sortMethods() took 0 ms.
2025-12-09 08:11:09,323 INFO  org.testng.internal.Utils - [Utils] MethodGroupsHelper.collectMethodsByGroup() took 2 ms.
2025-12-09 08:11:09,337 INFO  org.testng.internal.Utils - [Utils] MethodGroupsHelper.sortMethods() took 13 ms.
2025-12-09 08:11:09,339 INFO  org.testng.internal.Utils - [Utils] MethodGroupsHelper.collectMethodsByGroup() took 0 ms.
2025-12-09 08:11:09,339 INFO  org.testng.internal.Utils - [Utils] MethodGroupsHelper.sortMethods() took 0 ms.
2025-12-09 08:11:09,340 INFO  org.testng.internal.Utils - [Utils] MethodGroupsHelper.collectMethodsByGroup() took 0 ms.
2025-12-09 08:11:09,340 INFO  org.testng.internal.Utils - [Utils] MethodGroupsHelper.sortMethods() took 0 ms.
2025-12-09 08:11:09,341 INFO  org.testng.internal.Utils - [Utils] MethodGroupsHelper.collectMethodsByGroup() took 0 ms.
2025-12-09 08:11:09,341 INFO  org.testng.internal.Utils - [Utils] MethodGroupsHelper.sortMethods() took 0 ms.
2025-12-09 08:11:09,343 INFO  org.testng.internal.Utils - [Utils] MethodGroupsHelper.collectMethodsByGroup() took 0 ms.
2025-12-09 08:11:09,343 INFO  org.testng.internal.Utils - [Utils] MethodGroupsHelper.sortMethods() took 0 ms.
2025-12-09 08:11:09,344 INFO  org.testng.internal.Utils - [Utils] MethodGroupsHelper.collectMethodsByGroup() took 0 ms.
2025-12-09 08:11:09,344 INFO  org.testng.internal.Utils - [Utils] MethodGroupsHelper.sortMethods() took 0 ms.
2025-12-09 08:11:09,348 INFO  org.testng.internal.Utils - [Utils] MethodGroupsHelper.collectMethodsByGroup() took 0 ms.
2025-12-09 08:11:09,348 INFO  org.testng.internal.Utils - [Utils] MethodGroupsHelper.sortMethods() took 0 ms.
2025-12-09 08:11:09,348 INFO  org.testng.internal.Utils - [Utils] MethodGroupsHelper.collectMethodsByGroup() took 0 ms.
2025-12-09 08:11:09,348 INFO  org.testng.internal.Utils - [Utils] MethodGroupsHelper.sortMethods() took 0 ms.
2025-12-09 08:11:09,366 INFO  org.testng.internal.Utils - [Utils] MethodGroupsHelper.collectMethodsByGroup() took 0 ms.
2025-12-09 08:11:09,367 INFO  org.testng.internal.Utils - [Utils] MethodGroupsHelper.sortMethods() took 1 ms.
2025-12-09 08:11:09,368 INFO  org.testng.internal.Utils - [Utils] MethodGroupsHelper.collectMethodsByGroup() took 0 ms.
2025-12-09 08:11:09,368 INFO  org.testng.internal.Utils - [Utils] MethodGroupsHelper.sortMethods() took 0 ms.
2025-12-09 08:11:09,369 INFO  org.testng.internal.Utils - [Utils] MethodGroupsHelper.collectMethodsByGroup() took 0 ms.
2025-12-09 08:11:09,369 INFO  org.testng.internal.Utils - [Utils] MethodGroupsHelper.sortMethods() took 0 ms.
2025-12-09 08:11:09,380 INFO  org.testng.internal.Utils - [TestNG] Running:
  C:\Users\Gowtham\AppData\Local\Temp\testng-eclipse-134832097\testng-customsuite.xml

2025-12-09 08:11:09,424 INFO  org.testng.internal.Utils - [Utils] DynamicGraphHelper.createDynamicGraph() took 24 ms.
2025-12-09 08:11:10,034 INFO  org.testng.internal.Utils - [TestNG] Time taken by org.testng.reporters.jq.Main@4a194c39: 220 ms
2025-12-09 08:11:10,065 INFO  org.testng.internal.Utils - [TestNG] Time taken by org.testng.reporters.FailedReporter@67c2e933: 30 ms
2025-12-09 08:11:10,097 INFO  org.testng.internal.Utils - [TestNG] Time taken by org.testng.reporters.XMLReporter@31000e60: 32 ms
2025-12-09 08:11:10,115 INFO  org.testng.internal.Utils - [TestNG] Time taken by org.testng.reporters.EmailableReporter2@2072acb2: 17 ms
2025-12-09 08:11:10,150 INFO  org.testng.internal.Utils - [TestNG] Time taken by org.testng.reporters.JUnitReportReporter@d3957fe: 27 ms
2025-12-09 08:11:10,151 INFO  org.testng.internal.Utils - [TestNG] Time taken by org.testng.internal.ExitCodeListener@6622fc65: 0 ms
2025-12-09 08:11:54,746 DEBUG org.testng.TestNG - suiteXmlPath: "C:\Users\Gowtham\AppData\Local\Temp\testng-eclipse-1079283378\testng-customsuite.xml"
2025-12-09 08:11:55,048 INFO  org.testng.internal.Utils - [Utils] MethodGroupsHelper.collectMethodsByGroup() took 0 ms.
2025-12-09 08:11:55,051 INFO  org.testng.internal.Utils - [Utils] MethodGroupsHelper.sortMethods() took 1 ms.
2025-12-09 08:11:55,053 INFO  org.testng.internal.Utils - [Utils] MethodGroupsHelper.collectMethodsByGroup() took 0 ms.
2025-12-09 08:11:55,053 INFO  org.testng.internal.Utils - [Utils] MethodGroupsHelper.sortMethods() took 0 ms.
2025-12-09 08:11:55,054 INFO  org.testng.internal.Utils - [Utils] MethodGroupsHelper.collectMethodsByGroup() took 0 ms.
2025-12-09 08:11:55,054 INFO  org.testng.internal.Utils - [Utils] MethodGroupsHelper.sortMethods() took 0 ms.
2025-12-09 08:11:55,055 INFO  org.testng.internal.Utils - [Utils] MethodGroupsHelper.collectMethodsByGroup() took 0 ms.
2025-12-09 08:11:55,055 INFO  org.testng.internal.Utils - [Utils] MethodGroupsHelper.sortMethods() took 0 ms.
2025-12-09 08:11:55,060 INFO  org.testng.internal.Utils - [Utils] MethodGroupsHelper.collectMethodsByGroup() took 2 ms.
2025-12-09 08:11:55,072 INFO  org.testng.internal.Utils - [Utils] MethodGroupsHelper.sortMethods() took 10 ms.
2025-12-09 08:11:55,073 INFO  org.testng.internal.Utils - [Utils] MethodGroupsHelper.collectMethodsByGroup() took 0 ms.
2025-12-09 08:11:55,073 INFO  org.testng.internal.Utils - [Utils] MethodGroupsHelper.sortMethods() took 0 ms.
2025-12-09 08:11:55,074 INFO  org.testng.internal.Utils - [Utils] MethodGroupsHelper.collectMethodsByGroup() took 0 ms.
2025-12-09 08:11:55,074 INFO  org.testng.internal.Utils - [Utils] MethodGroupsHelper.sortMethods() took 0 ms.
2025-12-09 08:11:55,075 INFO  org.testng.internal.Utils - [Utils] MethodGroupsHelper.collectMethodsByGroup() took 0 ms.
2025-12-09 08:11:55,075 INFO  org.testng.internal.Utils - [Utils] MethodGroupsHelper.sortMethods() took 0 ms.
2025-12-09 08:11:55,077 INFO  org.testng.internal.Utils - [Utils] MethodGroupsHelper.collectMethodsByGroup() took 0 ms.
2025-12-09 08:11:55,077 INFO  org.testng.internal.Utils - [Utils] MethodGroupsHelper.sortMethods() took 0 ms.
2025-12-09 08:11:55,077 INFO  org.testng.internal.Utils - [Utils] MethodGroupsHelper.collectMethodsByGroup() took 0 ms.
2025-12-09 08:11:55,077 INFO  org.testng.internal.Utils - [Utils] MethodGroupsHelper.sortMethods() took 0 ms.
2025-12-09 08:11:55,082 INFO  org.testng.internal.Utils - [Utils] MethodGroupsHelper.collectMethodsByGroup() took 0 ms.
2025-12-09 08:11:55,082 INFO  org.testng.internal.Utils - [Utils] MethodGroupsHelper.sortMethods() took 0 ms.
2025-12-09 08:11:55,082 INFO  org.testng.internal.Utils - [Utils] MethodGroupsHelper.collectMethodsByGroup() took 0 ms.
2025-12-09 08:11:55,082 INFO  org.testng.internal.Utils - [Utils] MethodGroupsHelper.sortMethods() took 0 ms.
2025-12-09 08:11:55,083 INFO  org.testng.internal.Utils - [Utils] MethodGroupsHelper.collectMethodsByGroup() took 0 ms.
2025-12-09 08:11:55,083 INFO  org.testng.internal.Utils - [Utils] MethodGroupsHelper.sortMethods() took 0 ms.
2025-12-09 08:11:55,085 INFO  org.testng.internal.Utils - [Utils] MethodGroupsHelper.collectMethodsByGroup() took 0 ms.
2025-12-09 08:11:55,085 INFO  org.testng.internal.Utils - [Utils] MethodGroupsHelper.sortMethods() took 0 ms.
2025-12-09 08:11:55,085 INFO  org.testng.internal.Utils - [Utils] MethodGroupsHelper.collectMethodsByGroup() took 0 ms.
2025-12-09 08:11:55,085 INFO  org.testng.internal.Utils - [Utils] MethodGroupsHelper.sortMethods() took 0 ms.
2025-12-09 08:11:55,097 INFO  org.testng.internal.Utils - [TestNG] Running:
  C:\Users\Gowtham\AppData\Local\Temp\testng-eclipse-1079283378\testng-customsuite.xml

2025-12-09 08:11:55,126 INFO  org.testng.internal.Utils - [Utils] DynamicGraphHelper.createDynamicGraph() took 7 ms.
2025-12-09 08:11:55,472 INFO  org.testng.internal.Utils - [TestNG] Time taken by org.testng.reporters.jq.Main@340b9973: 147 ms
2025-12-09 08:11:55,502 INFO  org.testng.internal.Utils - [TestNG] Time taken by org.testng.reporters.FailedReporter@613a8ee1: 30 ms
2025-12-09 08:11:55,543 INFO  org.testng.internal.Utils - [TestNG] Time taken by org.testng.reporters.XMLReporter@54c62d71: 41 ms
2025-12-09 08:11:55,553 INFO  org.testng.internal.Utils - [TestNG] Time taken by org.testng.reporters.EmailableReporter2@70a36a66: 10 ms
2025-12-09 08:11:55,591 INFO  org.testng.internal.Utils - [TestNG] Time taken by org.testng.reporters.JUnitReportReporter@64ba3208: 38 ms
2025-12-09 08:11:55,591 INFO  org.testng.internal.Utils - [TestNG] Time taken by org.testng.internal.ExitCodeListener@158a3b2e: 0 ms
2025-12-09 08:12:51,992 DEBUG org.testng.TestNG - suiteXmlPath: "E:\Automation\eclipse-workspace\hybrid-automation-framework\master.xml"
2025-12-09 08:13:26,469 DEBUG org.testng.TestNG - suiteXmlPath: "E:\Automation\eclipse-workspace\hybrid-automation-framework\master.xml"
2025-12-09 08:13:26,868 INFO  org.testng.internal.Utils - [TestNG] Running:
  E:\Automation\eclipse-workspace\hybrid-automation-framework\master.xml

2025-12-09 08:13:27,265 INFO  com.framework.tests.TC004_SearchProductTest - Execution Environment: local
2025-12-09 08:13:27,265 INFO  com.framework.tests.TC004_SearchProductTest - Browser: edge
2025-12-09 08:13:27,265 INFO  com.framework.tests.TC004_SearchProductTest - OS: WIN10
2025-12-09 08:13:27,285 INFO  com.framework.driver.DriverFactory - Initializing LOCAL driver for browser: edge
2025-12-09 08:13:32,337 INFO  com.framework.tests.TC004_SearchProductTest - Navigated to URL: https://tutorialsninja.com/demo/
2025-12-09 08:13:32,387 INFO  com.framework.tests.TC004_SearchProductTest - Navigating to My Account
2025-12-09 08:13:32,624 INFO  com.framework.tests.TC004_SearchProductTest - Clicking on login
2025-12-09 08:13:32,966 INFO  com.framework.tests.TC004_SearchProductTest - Entering UserEmail: piwene6598@badfist.com
2025-12-09 08:13:33,189 INFO  com.framework.tests.TC004_SearchProductTest - Entering UserEmail: Qaz@123
2025-12-09 08:13:33,335 INFO  com.framework.tests.TC004_SearchProductTest - Clicking on login button
2025-12-09 08:13:55,632 ERROR com.framework.pages.SearchPage - Unable to click on the product: Expected condition failed: waiting for visibility of Proxy element for: DefaultElementLocator 'By.xpath: //div[@class='product-thumb']' (tried for 10 second(s) with 500 milliseconds interval)
2025-12-09 08:13:55,688 INFO  com.framework.tests.TC004_SearchProductTest - Closing WebDriver
2025-12-09 08:14:11,487 DEBUG org.testng.TestNG - suiteXmlPath: "E:\Automation\eclipse-workspace\hybrid-automation-framework\master.xml"
2025-12-09 08:14:12,031 INFO  org.testng.internal.Utils - [TestNG] Running:
  E:\Automation\eclipse-workspace\hybrid-automation-framework\master.xml

2025-12-09 08:14:12,489 INFO  com.framework.tests.TC004_SearchProductTest - Execution Environment: local
2025-12-09 08:14:12,489 INFO  com.framework.tests.TC004_SearchProductTest - Browser: edge
2025-12-09 08:14:12,489 INFO  com.framework.tests.TC004_SearchProductTest - OS: WIN10
2025-12-09 08:14:12,492 INFO  com.framework.driver.DriverFactory - Initializing LOCAL driver for browser: edge
2025-12-09 08:14:20,641 INFO  com.framework.tests.TC004_SearchProductTest - Navigated to URL: https://tutorialsninja.com/demo/
2025-12-09 08:14:20,691 INFO  com.framework.tests.TC004_SearchProductTest - Navigating to My Account
2025-12-09 08:14:20,932 INFO  com.framework.tests.TC004_SearchProductTest - Clicking on login
2025-12-09 08:14:21,295 INFO  com.framework.tests.TC004_SearchProductTest - Entering UserEmail: piwene6598@badfist.com
2025-12-09 08:14:21,549 INFO  com.framework.tests.TC004_SearchProductTest - Entering UserEmail: Qaz@123
2025-12-09 08:14:21,737 INFO  com.framework.tests.TC004_SearchProductTest - Clicking on login button
2025-12-09 08:14:44,342 ERROR com.framework.pages.SearchPage - Unable to click on the product: Expected condition failed: waiting for visibility of Proxy element for: DefaultElementLocator 'By.xpath: //div[@class='product-thumb']' (tried for 10 second(s) with 500 milliseconds interval)
2025-12-09 08:14:44,357 INFO  com.framework.tests.TC004_SearchProductTest - Closing WebDriver
2025-12-09 08:15:41,713 DEBUG org.testng.TestNG - suiteXmlPath: "E:\Automation\eclipse-workspace\hybrid-automation-framework\master.xml"
2025-12-09 08:15:42,169 INFO  org.testng.internal.Utils - [TestNG] Running:
  E:\Automation\eclipse-workspace\hybrid-automation-framework\master.xml

2025-12-09 08:15:42,573 INFO  com.framework.tests.TC004_SearchProductTest - Execution Environment: local
2025-12-09 08:15:42,573 INFO  com.framework.tests.TC004_SearchProductTest - Browser: edge
2025-12-09 08:15:42,573 INFO  com.framework.tests.TC004_SearchProductTest - OS: WIN10
2025-12-09 08:15:42,575 INFO  com.framework.driver.DriverFactory - Initializing LOCAL driver for browser: edge
2025-12-09 08:15:47,000 INFO  com.framework.tests.TC004_SearchProductTest - Navigated to URL: https://tutorialsninja.com/demo/
2025-12-09 08:15:47,063 INFO  com.framework.tests.TC004_SearchProductTest - Navigating to My Account
2025-12-09 08:15:47,382 INFO  com.framework.tests.TC004_SearchProductTest - Clicking on login
2025-12-09 08:15:47,811 INFO  com.framework.tests.TC004_SearchProductTest - Entering UserEmail: piwene6598@badfist.com
2025-12-09 08:15:48,106 INFO  com.framework.tests.TC004_SearchProductTest - Entering UserEmail: Qaz@123
2025-12-09 08:15:48,330 INFO  com.framework.tests.TC004_SearchProductTest - Clicking on login button
2025-12-09 08:16:11,436 ERROR com.framework.pages.SearchPage - Unable to click on the product: Expected condition failed: waiting for visibility of Proxy element for: DefaultElementLocator 'By.xpath: //div[@class='product-thumb']' (tried for 10 second(s) with 500 milliseconds interval)
2025-12-09 08:16:11,455 INFO  com.framework.tests.TC004_SearchProductTest - Closing WebDriver
2025-12-09 08:17:39,043 DEBUG org.testng.TestNG - suiteXmlPath: "E:\Automation\eclipse-workspace\hybrid-automation-framework\crossbrowser.xml"
2025-12-09 08:17:39,631 INFO  org.testng.internal.Utils - [TestNG] Running:
  E:\Automation\eclipse-workspace\hybrid-automation-framework\crossbrowser.xml

2025-12-09 08:17:40,026 INFO  com.framework.tests.TC001_RegisterAccountTest - Execution Environment: local
2025-12-09 08:17:40,026 INFO  com.framework.tests.TC001_RegisterAccountTest - Browser: edge
2025-12-09 08:17:40,026 INFO  com.framework.tests.TC001_RegisterAccountTest - OS: WIN10
2025-12-09 08:17:40,029 INFO  com.framework.driver.DriverFactory - Initializing LOCAL driver for browser: edge
2025-12-09 08:17:40,049 INFO  com.framework.tests.TC001_RegisterAccountTest - Execution Environment: local
2025-12-09 08:17:40,049 INFO  com.framework.tests.TC001_RegisterAccountTest - Browser: chrome
2025-12-09 08:17:40,049 INFO  com.framework.tests.TC001_RegisterAccountTest - OS: WIN10
2025-12-09 08:17:40,049 INFO  com.framework.driver.DriverFactory - Initializing LOCAL driver for browser: chrome
2025-12-09 08:17:45,144 INFO  com.framework.tests.TC001_RegisterAccountTest - Navigated to URL: https://tutorialsninja.com/demo/
2025-12-09 08:17:45,198 INFO  com.framework.tests.TC001_RegisterAccountTest - ===== Starting Register Account Test =====
2025-12-09 08:17:45,257 INFO  com.framework.tests.TC001_RegisterAccountTest - Navigating to My Account
2025-12-09 08:17:45,893 INFO  com.framework.tests.TC001_RegisterAccountTest - Clicking on Register
2025-12-09 08:17:46,640 INFO  com.framework.tests.TC001_RegisterAccountTest - Navigated to URL: https://tutorialsninja.com/demo/
2025-12-09 08:17:46,648 INFO  com.framework.tests.TC001_RegisterAccountTest - ===== Starting Register Account Test =====
2025-12-09 08:17:46,648 INFO  com.framework.tests.TC001_RegisterAccountTest - Navigating to My Account
2025-12-09 08:17:46,875 INFO  com.framework.tests.TC001_RegisterAccountTest - Entering First Name: QEUJDJI
2025-12-09 08:17:46,875 INFO  com.framework.pages.RegisterAccount - Entering First Name: QEUJDJI
2025-12-09 08:17:47,042 INFO  com.framework.tests.TC001_RegisterAccountTest - Clicking on Register
2025-12-09 08:17:47,213 INFO  com.framework.tests.TC001_RegisterAccountTest - Entering Last Name: FWITJQP
2025-12-09 08:17:47,213 INFO  com.framework.pages.RegisterAccount - Entering Last Name: FWITJQP
2025-12-09 08:17:47,629 INFO  com.framework.tests.TC001_RegisterAccountTest - Entering First Name: TGKTTPS
2025-12-09 08:17:47,629 INFO  com.framework.pages.RegisterAccount - Entering First Name: TGKTTPS
2025-12-09 08:17:47,637 INFO  com.framework.tests.TC001_RegisterAccountTest - Entering Email: CMOjFhVzu@gmail.com
2025-12-09 08:17:47,637 INFO  com.framework.pages.RegisterAccount - Entering Email: CMOjFhVzu@gmail.com
2025-12-09 08:17:47,896 INFO  com.framework.tests.TC001_RegisterAccountTest - Entering Phone: 2800662117
2025-12-09 08:17:47,896 INFO  com.framework.pages.RegisterAccount - Entering Phone Number: 2800662117
2025-12-09 08:17:48,070 INFO  com.framework.tests.TC001_RegisterAccountTest - Entering Last Name: WRIHYZY
2025-12-09 08:17:48,070 INFO  com.framework.pages.RegisterAccount - Entering Last Name: WRIHYZY
2025-12-09 08:17:48,196 DEBUG com.framework.tests.TC001_RegisterAccountTest - Generated Password: vHOnFiR1w
2025-12-09 08:17:48,196 INFO  com.framework.pages.RegisterAccount - Entering Password
2025-12-09 08:17:48,381 INFO  com.framework.tests.TC001_RegisterAccountTest - Entering Email: VmGwxWSHk@gmail.com
2025-12-09 08:17:48,381 INFO  com.framework.pages.RegisterAccount - Entering Email: VmGwxWSHk@gmail.com
2025-12-09 08:17:48,500 INFO  com.framework.pages.RegisterAccount - Entering Confirm Password
2025-12-09 08:17:48,754 INFO  com.framework.tests.TC001_RegisterAccountTest - Entering Phone: 5890432730
2025-12-09 08:17:48,754 INFO  com.framework.pages.RegisterAccount - Entering Phone Number: 5890432730
2025-12-09 08:17:48,811 INFO  com.framework.tests.TC001_RegisterAccountTest - Accepting privacy policy
2025-12-09 08:17:48,812 INFO  com.framework.pages.RegisterAccount - Accepting Privacy Policy
2025-12-09 08:17:49,048 DEBUG com.framework.tests.TC001_RegisterAccountTest - Generated Password: FxRuIgYZ6
2025-12-09 08:17:49,049 INFO  com.framework.pages.RegisterAccount - Entering Password
2025-12-09 08:17:49,072 INFO  com.framework.tests.TC001_RegisterAccountTest - Clicking on Continue button
2025-12-09 08:17:49,072 INFO  com.framework.pages.RegisterAccount - Clicking on Continue button
2025-12-09 08:17:49,374 INFO  com.framework.pages.RegisterAccount - Entering Confirm Password
2025-12-09 08:17:49,656 INFO  com.framework.tests.TC001_RegisterAccountTest - Accepting privacy policy
2025-12-09 08:17:49,656 INFO  com.framework.pages.RegisterAccount - Accepting Privacy Policy
2025-12-09 08:17:50,131 INFO  com.framework.tests.TC001_RegisterAccountTest - Clicking on Continue button
2025-12-09 08:17:50,132 INFO  com.framework.pages.RegisterAccount - Clicking on Continue button
2025-12-09 08:17:50,220 INFO  com.framework.pages.RegisterAccount - Continue button clicked
2025-12-09 08:17:50,224 INFO  com.framework.pages.RegisterAccount - Fetching confirmation message
2025-12-09 08:17:50,382 INFO  com.framework.pages.RegisterAccount - Registration success message: Your Account Has Been Created!
2025-12-09 08:17:50,382 INFO  com.framework.tests.TC001_RegisterAccountTest - Confirmation Message Received: Your Account Has Been Created!
2025-12-09 08:17:50,485 INFO  com.framework.tests.TC001_RegisterAccountTest - Account creation test PASSED
2025-12-09 08:17:50,486 INFO  com.framework.tests.TC001_RegisterAccountTest - ===== Register Account Test Completed =====
2025-12-09 08:17:50,529 INFO  com.framework.tests.TC001_RegisterAccountTest - Closing WebDriver
2025-12-09 08:17:51,216 INFO  com.framework.pages.RegisterAccount - Continue button clicked
2025-12-09 08:17:51,220 INFO  com.framework.pages.RegisterAccount - Fetching confirmation message
2025-12-09 08:17:51,299 INFO  com.framework.pages.RegisterAccount - Registration success message: Your Account Has Been Created!
2025-12-09 08:17:51,300 INFO  com.framework.tests.TC001_RegisterAccountTest - Confirmation Message Received: Your Account Has Been Created!
2025-12-09 08:17:51,300 INFO  com.framework.tests.TC001_RegisterAccountTest - Account creation test PASSED
2025-12-09 08:17:51,300 INFO  com.framework.tests.TC001_RegisterAccountTest - ===== Register Account Test Completed =====
2025-12-09 08:17:51,304 INFO  com.framework.tests.TC001_RegisterAccountTest - Closing WebDriver
2025-12-09 08:17:51,581 INFO  com.framework.tests.TC002_LoginTest - Execution Environment: local
2025-12-09 08:17:51,582 INFO  com.framework.tests.TC002_LoginTest - Browser: edge
2025-12-09 08:17:51,582 INFO  com.framework.tests.TC002_LoginTest - OS: WIN10
2025-12-09 08:17:51,582 INFO  com.framework.driver.DriverFactory - Initializing LOCAL driver for browser: edge
2025-12-09 08:17:51,689 INFO  com.framework.tests.TC002_LoginTest - Execution Environment: local
2025-12-09 08:17:51,689 INFO  com.framework.tests.TC002_LoginTest - Browser: chrome
2025-12-09 08:17:51,689 INFO  com.framework.tests.TC002_LoginTest - OS: WIN10
2025-12-09 08:17:51,689 INFO  com.framework.driver.DriverFactory - Initializing LOCAL driver for browser: chrome
2025-12-09 08:17:54,712 INFO  com.framework.tests.TC002_LoginTest - Navigated to URL: https://tutorialsninja.com/demo/
2025-12-09 08:17:54,716 INFO  com.framework.tests.TC002_LoginTest - ===== Starting Login Test =====
2025-12-09 08:17:54,717 INFO  com.framework.tests.TC002_LoginTest - Navigating to My Account
2025-12-09 08:17:55,407 INFO  com.framework.tests.TC002_LoginTest - Navigated to URL: https://tutorialsninja.com/demo/
2025-12-09 08:17:55,411 INFO  com.framework.tests.TC002_LoginTest - ===== Starting Login Test =====
2025-12-09 08:17:55,412 INFO  com.framework.tests.TC002_LoginTest - Navigating to My Account
2025-12-09 08:17:55,780 INFO  com.framework.tests.TC002_LoginTest - Clicking on login
2025-12-09 08:17:55,787 INFO  com.framework.tests.TC002_LoginTest - Clicking on login
2025-12-09 08:17:56,233 INFO  com.framework.tests.TC002_LoginTest - Entering UserEmail: piwene6598@badfist.com
2025-12-09 08:17:56,276 INFO  com.framework.tests.TC002_LoginTest - Entering UserEmail: piwene6598@badfist.com
2025-12-09 08:17:56,627 INFO  com.framework.tests.TC002_LoginTest - Entering UserEmail: Qaz@123
2025-12-09 08:17:56,657 INFO  com.framework.tests.TC002_LoginTest - Entering UserEmail: Qaz@123
2025-12-09 08:17:56,905 INFO  com.framework.tests.TC002_LoginTest - Clicking on login button
2025-12-09 08:17:57,033 INFO  com.framework.tests.TC002_LoginTest - Clicking on login button
2025-12-09 08:17:57,349 INFO  com.framework.tests.TC002_LoginTest - Checking if target page found!
2025-12-09 08:17:57,349 INFO  com.framework.pages.MyAccountPage - Validating the presence of 'My Account' message.
2025-12-09 08:17:58,305 INFO  com.framework.tests.TC002_LoginTest - Checking if target page found!
2025-12-09 08:17:58,305 INFO  com.framework.pages.MyAccountPage - Validating the presence of 'My Account' message.
2025-12-09 08:17:58,318 INFO  com.framework.pages.MyAccountPage - 'My Account' message is displayed successfully.
2025-12-09 08:17:58,319 INFO  com.framework.tests.TC002_LoginTest - ===== Login Test Completed =====
2025-12-09 08:17:58,323 INFO  com.framework.tests.TC002_LoginTest - Closing WebDriver
2025-12-09 08:17:58,362 INFO  com.framework.pages.MyAccountPage - 'My Account' message is displayed successfully.
2025-12-09 08:17:58,363 INFO  com.framework.tests.TC002_LoginTest - ===== Login Test Completed =====
2025-12-09 08:17:58,366 INFO  com.framework.tests.TC002_LoginTest - Closing WebDriver
2025-12-09 08:18:34,174 DEBUG org.testng.TestNG - suiteXmlPath: "E:\Automation\eclipse-workspace\hybrid-automation-framework\crossbrowser.xml"
2025-12-09 08:18:34,638 INFO  org.testng.internal.Utils - [TestNG] Running:
  E:\Automation\eclipse-workspace\hybrid-automation-framework\crossbrowser.xml

2025-12-09 08:18:34,951 INFO  com.framework.tests.TC001_RegisterAccountTest - Execution Environment: local
2025-12-09 08:18:34,951 INFO  com.framework.tests.TC001_RegisterAccountTest - Browser: edge
2025-12-09 08:18:34,951 INFO  com.framework.tests.TC001_RegisterAccountTest - OS: WIN10
2025-12-09 08:18:34,955 INFO  com.framework.driver.DriverFactory - Initializing LOCAL driver for browser: edge
2025-12-09 08:18:35,053 INFO  com.framework.tests.TC001_RegisterAccountTest - Execution Environment: local
2025-12-09 08:18:35,054 INFO  com.framework.tests.TC001_RegisterAccountTest - Browser: chrome
2025-12-09 08:18:35,054 INFO  com.framework.tests.TC001_RegisterAccountTest - OS: WIN10
2025-12-09 08:18:35,054 INFO  com.framework.driver.DriverFactory - Initializing LOCAL driver for browser: chrome
2025-12-09 08:18:39,691 INFO  com.framework.tests.TC001_RegisterAccountTest - Navigated to URL: https://tutorialsninja.com/demo/
2025-12-09 08:18:39,722 INFO  com.framework.tests.TC001_RegisterAccountTest - ===== Starting Register Account Test =====
2025-12-09 08:18:39,771 INFO  com.framework.tests.TC001_RegisterAccountTest - Navigating to My Account
2025-12-09 08:18:40,222 INFO  com.framework.tests.TC001_RegisterAccountTest - Clicking on Register
2025-12-09 08:18:40,412 INFO  com.framework.tests.TC001_RegisterAccountTest - Navigated to URL: https://tutorialsninja.com/demo/
2025-12-09 08:18:40,423 INFO  com.framework.tests.TC001_RegisterAccountTest - ===== Starting Register Account Test =====
2025-12-09 08:18:40,423 INFO  com.framework.tests.TC001_RegisterAccountTest - Navigating to My Account
2025-12-09 08:18:41,004 INFO  com.framework.tests.TC001_RegisterAccountTest - Entering First Name: ZUFCRLZ
2025-12-09 08:18:41,004 INFO  com.framework.pages.RegisterAccount - Entering First Name: ZUFCRLZ
2025-12-09 08:18:41,399 INFO  com.framework.tests.TC001_RegisterAccountTest - Entering Last Name: BCCGPLT
2025-12-09 08:18:41,399 INFO  com.framework.pages.RegisterAccount - Entering Last Name: BCCGPLT
2025-12-09 08:18:41,480 INFO  com.framework.tests.TC001_RegisterAccountTest - Clicking on Register
2025-12-09 08:18:41,734 INFO  com.framework.tests.TC001_RegisterAccountTest - Entering Email: u0II8Xg0c@gmail.com
2025-12-09 08:18:41,734 INFO  com.framework.pages.RegisterAccount - Entering Email: u0II8Xg0c@gmail.com
2025-12-09 08:18:42,050 INFO  com.framework.tests.TC001_RegisterAccountTest - Entering Phone: 0692157244
2025-12-09 08:18:42,050 INFO  com.framework.pages.RegisterAccount - Entering Phone Number: 0692157244
2025-12-09 08:18:42,133 INFO  com.framework.tests.TC001_RegisterAccountTest - Entering First Name: XKELUWV
2025-12-09 08:18:42,133 INFO  com.framework.pages.RegisterAccount - Entering First Name: XKELUWV
2025-12-09 08:18:42,397 DEBUG com.framework.tests.TC001_RegisterAccountTest - Generated Password: Iu7jx4g1A
2025-12-09 08:18:42,397 INFO  com.framework.pages.RegisterAccount - Entering Password
2025-12-09 08:18:42,459 INFO  com.framework.tests.TC001_RegisterAccountTest - Entering Last Name: BMAKZKC
2025-12-09 08:18:42,459 INFO  com.framework.pages.RegisterAccount - Entering Last Name: BMAKZKC
2025-12-09 08:18:42,829 INFO  com.framework.pages.RegisterAccount - Entering Confirm Password
2025-12-09 08:18:42,895 INFO  com.framework.tests.TC001_RegisterAccountTest - Entering Email: 3mAAwb8T2@gmail.com
2025-12-09 08:18:42,896 INFO  com.framework.pages.RegisterAccount - Entering Email: 3mAAwb8T2@gmail.com
2025-12-09 08:18:43,121 INFO  com.framework.tests.TC001_RegisterAccountTest - Accepting privacy policy
2025-12-09 08:18:43,121 INFO  com.framework.pages.RegisterAccount - Accepting Privacy Policy
2025-12-09 08:18:43,221 INFO  com.framework.tests.TC001_RegisterAccountTest - Entering Phone: 0925039295
2025-12-09 08:18:43,221 INFO  com.framework.pages.RegisterAccount - Entering Phone Number: 0925039295
2025-12-09 08:18:43,405 INFO  com.framework.tests.TC001_RegisterAccountTest - Clicking on Continue button
2025-12-09 08:18:43,405 INFO  com.framework.pages.RegisterAccount - Clicking on Continue button
2025-12-09 08:18:43,486 DEBUG com.framework.tests.TC001_RegisterAccountTest - Generated Password: 7aWzajmVo
2025-12-09 08:18:43,486 INFO  com.framework.pages.RegisterAccount - Entering Password
2025-12-09 08:18:43,831 INFO  com.framework.pages.RegisterAccount - Entering Confirm Password
2025-12-09 08:18:44,071 INFO  com.framework.tests.TC001_RegisterAccountTest - Accepting privacy policy
2025-12-09 08:18:44,072 INFO  com.framework.pages.RegisterAccount - Accepting Privacy Policy
2025-12-09 08:18:44,590 INFO  com.framework.pages.RegisterAccount - Continue button clicked
2025-12-09 08:18:44,596 INFO  com.framework.pages.RegisterAccount - Fetching confirmation message
2025-12-09 08:18:44,726 INFO  com.framework.tests.TC001_RegisterAccountTest - Clicking on Continue button
2025-12-09 08:18:44,727 INFO  com.framework.pages.RegisterAccount - Clicking on Continue button
2025-12-09 08:18:45,231 INFO  com.framework.pages.RegisterAccount - Registration success message: Your Account Has Been Created!
2025-12-09 08:18:45,231 INFO  com.framework.tests.TC001_RegisterAccountTest - Confirmation Message Received: Your Account Has Been Created!
2025-12-09 08:18:45,234 INFO  com.framework.tests.TC001_RegisterAccountTest - Account creation test PASSED
2025-12-09 08:18:45,234 INFO  com.framework.tests.TC001_RegisterAccountTest - ===== Register Account Test Completed =====
2025-12-09 08:18:45,263 INFO  com.framework.tests.TC001_RegisterAccountTest - Closing WebDriver
2025-12-09 08:18:46,524 INFO  com.framework.tests.TC002_LoginTest - Execution Environment: local
2025-12-09 08:18:46,524 INFO  com.framework.tests.TC002_LoginTest - Browser: edge
2025-12-09 08:18:46,524 INFO  com.framework.tests.TC002_LoginTest - OS: WIN10
2025-12-09 08:18:46,524 INFO  com.framework.driver.DriverFactory - Initializing LOCAL driver for browser: edge
2025-12-09 08:18:46,610 INFO  com.framework.pages.RegisterAccount - Continue button clicked
2025-12-09 08:18:46,614 INFO  com.framework.pages.RegisterAccount - Fetching confirmation message
2025-12-09 08:18:46,699 INFO  com.framework.pages.RegisterAccount - Registration success message: Your Account Has Been Created!
2025-12-09 08:18:46,699 INFO  com.framework.tests.TC001_RegisterAccountTest - Confirmation Message Received: Your Account Has Been Created!
2025-12-09 08:18:46,699 INFO  com.framework.tests.TC001_RegisterAccountTest - Account creation test PASSED
2025-12-09 08:18:46,699 INFO  com.framework.tests.TC001_RegisterAccountTest - ===== Register Account Test Completed =====
2025-12-09 08:18:46,703 INFO  com.framework.tests.TC001_RegisterAccountTest - Closing WebDriver
2025-12-09 08:18:49,275 INFO  com.framework.tests.TC002_LoginTest - Execution Environment: local
2025-12-09 08:18:49,275 INFO  com.framework.tests.TC002_LoginTest - Browser: chrome
2025-12-09 08:18:49,275 INFO  com.framework.tests.TC002_LoginTest - OS: WIN10
2025-12-09 08:18:49,275 INFO  com.framework.driver.DriverFactory - Initializing LOCAL driver for browser: chrome
2025-12-09 08:18:49,373 INFO  com.framework.tests.TC002_LoginTest - Navigated to URL: https://tutorialsninja.com/demo/
2025-12-09 08:18:49,377 INFO  com.framework.tests.TC002_LoginTest - ===== Starting Login Test =====
2025-12-09 08:18:49,378 INFO  com.framework.tests.TC002_LoginTest - Navigating to My Account
2025-12-09 08:18:49,787 INFO  com.framework.tests.TC002_LoginTest - Clicking on login
2025-12-09 08:18:50,741 INFO  com.framework.tests.TC002_LoginTest - Entering UserEmail: piwene6598@badfist.com
2025-12-09 08:18:51,012 INFO  com.framework.tests.TC002_LoginTest - Entering UserEmail: Qaz@123
2025-12-09 08:18:51,246 INFO  com.framework.tests.TC002_LoginTest - Clicking on login button
2025-12-09 08:18:52,722 INFO  com.framework.tests.TC002_LoginTest - Checking if target page found!
2025-12-09 08:18:52,722 INFO  com.framework.pages.MyAccountPage - Validating the presence of 'My Account' message.
2025-12-09 08:18:52,821 INFO  com.framework.pages.MyAccountPage - 'My Account' message is displayed successfully.
2025-12-09 08:18:52,821 INFO  com.framework.tests.TC002_LoginTest - ===== Login Test Completed =====
2025-12-09 08:18:52,826 INFO  com.framework.tests.TC002_LoginTest - Closing WebDriver
2025-12-09 08:18:53,345 INFO  com.framework.tests.TC002_LoginTest - Navigated to URL: https://tutorialsninja.com/demo/
2025-12-09 08:18:53,348 INFO  com.framework.tests.TC002_LoginTest - ===== Starting Login Test =====
2025-12-09 08:18:53,348 INFO  com.framework.tests.TC002_LoginTest - Navigating to My Account
2025-12-09 08:18:53,708 INFO  com.framework.tests.TC002_LoginTest - Clicking on login
2025-12-09 08:18:54,216 INFO  com.framework.tests.TC002_LoginTest - Entering UserEmail: piwene6598@badfist.com
2025-12-09 08:18:54,490 INFO  com.framework.tests.TC002_LoginTest - Entering UserEmail: Qaz@123
2025-12-09 08:18:54,696 INFO  com.framework.tests.TC002_LoginTest - Clicking on login button
2025-12-09 08:18:54,886 INFO  com.framework.tests.TC002_LoginTest - Checking if target page found!
2025-12-09 08:18:54,886 INFO  com.framework.pages.MyAccountPage - Validating the presence of 'My Account' message.
2025-12-09 08:18:55,888 INFO  com.framework.pages.MyAccountPage - 'My Account' message is displayed successfully.
2025-12-09 08:18:55,888 INFO  com.framework.tests.TC002_LoginTest - ===== Login Test Completed =====
2025-12-09 08:18:55,892 INFO  com.framework.tests.TC002_LoginTest - Closing WebDriver
2025-12-09 08:33:30,596 DEBUG org.testng.TestNG - suiteXmlPath: "E:\Automation\eclipse-workspace\hybrid-automation-framework\master.xml"
2025-12-09 08:33:30,947 INFO  org.testng.internal.Utils - [TestNG] Running:
  E:\Automation\eclipse-workspace\hybrid-automation-framework\master.xml

2025-12-09 08:33:31,280 INFO  com.framework.tests.TC004_SearchProductTest - Execution Environment: local
2025-12-09 08:33:31,280 INFO  com.framework.tests.TC004_SearchProductTest - Browser: edge
2025-12-09 08:33:31,280 INFO  com.framework.tests.TC004_SearchProductTest - OS: WIN10
2025-12-09 08:33:31,282 INFO  com.framework.driver.DriverFactory - Initializing LOCAL driver for browser: edge
2025-12-09 08:33:36,817 INFO  com.framework.tests.TC004_SearchProductTest - Navigated to URL: https://tutorialsninja.com/demo/
2025-12-09 08:33:36,841 INFO  com.framework.tests.TC004_SearchProductTest - ===== TC004 Search Product Test Started =====
2025-12-09 08:33:36,869 INFO  com.framework.tests.TC004_SearchProductTest - STEP 1: Navigating to My Account
2025-12-09 08:33:37,067 INFO  com.framework.tests.TC004_SearchProductTest - STEP 2: Clicking on Login
2025-12-09 08:33:37,404 INFO  com.framework.tests.TC004_SearchProductTest - STEP 3: Entering email: piwene6598@badfist.com
2025-12-09 08:33:37,634 INFO  com.framework.tests.TC004_SearchProductTest - STEP 4: Entering password
2025-12-09 08:33:37,812 INFO  com.framework.tests.TC004_SearchProductTest - STEP 5: Clicking on Login button
2025-12-09 08:33:38,010 INFO  com.framework.tests.TC004_SearchProductTest - STEP 6: Entering product to search: E:\Automation\eclipse-workspace\hybrid-automation-framework/testData/Users.xlsx
2025-12-09 08:33:39,263 INFO  com.framework.tests.TC004_SearchProductTest - STEP 7: Clicking on Search button
2025-12-09 08:33:39,572 INFO  com.framework.tests.TC004_SearchProductTest - STEP 8: Selecting category: Laptops & Notebooks
2025-12-09 08:33:39,912 INFO  com.framework.tests.TC004_SearchProductTest - STEP 9: Selecting 'Search in product descriptions'
2025-12-09 08:33:40,037 INFO  com.framework.tests.TC004_SearchProductTest - STEP 10: Clicking inner Search button
2025-12-09 08:33:40,355 INFO  com.framework.tests.TC004_SearchProductTest - STEP 11: Clicking on the searched product
2025-12-09 08:34:00,469 ERROR com.framework.pages.SearchPage - Unable to click on the product: Expected condition failed: waiting for visibility of Proxy element for: DefaultElementLocator 'By.xpath: //div[@class='product-thumb']' (tried for 10 second(s) with 500 milliseconds interval)
2025-12-09 08:34:00,470 INFO  com.framework.tests.TC004_SearchProductTest - ===== TC004 Search Product Test Completed Successfully =====
2025-12-09 08:34:00,495 INFO  com.framework.tests.TC004_SearchProductTest - Closing WebDriver
2025-12-09 08:48:05,683 DEBUG org.testng.TestNG - suiteXmlPath: "E:\Automation\eclipse-workspace\hybrid-automation-framework\master.xml"
2025-12-09 08:48:05,973 INFO  org.testng.internal.Utils - [TestNG] Running:
  E:\Automation\eclipse-workspace\hybrid-automation-framework\master.xml

2025-12-09 08:48:06,469 INFO  com.framework.tests.TC004_SearchProductTest - Execution Environment: local
2025-12-09 08:48:06,470 INFO  com.framework.tests.TC004_SearchProductTest - Browser: edge
2025-12-09 08:48:06,470 INFO  com.framework.tests.TC004_SearchProductTest - OS: WIN10
2025-12-09 08:48:06,472 INFO  com.framework.driver.DriverFactory - Initializing LOCAL driver for browser: edge
2025-12-09 10:29:42,300 DEBUG org.testng.TestNG - suiteXmlPath: "C:\Users\Gowtham\AppData\Local\Temp\testng-eclipse-919057551\testng-customsuite.xml"
2025-12-09 10:29:42,601 INFO  org.testng.internal.Utils - [Utils] MethodGroupsHelper.collectMethodsByGroup() took 1 ms.
2025-12-09 10:29:42,605 INFO  org.testng.internal.Utils - [Utils] MethodGroupsHelper.sortMethods() took 2 ms.
2025-12-09 10:29:42,607 INFO  org.testng.internal.Utils - [Utils] MethodGroupsHelper.collectMethodsByGroup() took 0 ms.
2025-12-09 10:29:42,607 INFO  org.testng.internal.Utils - [Utils] MethodGroupsHelper.sortMethods() took 0 ms.
2025-12-09 10:29:42,608 INFO  org.testng.internal.Utils - [Utils] MethodGroupsHelper.collectMethodsByGroup() took 0 ms.
2025-12-09 10:29:42,608 INFO  org.testng.internal.Utils - [Utils] MethodGroupsHelper.sortMethods() took 0 ms.
2025-12-09 10:29:42,609 INFO  org.testng.internal.Utils - [Utils] MethodGroupsHelper.collectMethodsByGroup() took 0 ms.
2025-12-09 10:29:42,609 INFO  org.testng.internal.Utils - [Utils] MethodGroupsHelper.sortMethods() took 0 ms.
2025-12-09 10:29:42,615 INFO  org.testng.internal.Utils - [Utils] MethodGroupsHelper.collectMethodsByGroup() took 3 ms.
2025-12-09 10:29:42,630 INFO  org.testng.internal.Utils - [Utils] MethodGroupsHelper.sortMethods() took 14 ms.
2025-12-09 10:29:42,632 INFO  org.testng.internal.Utils - [Utils] MethodGroupsHelper.collectMethodsByGroup() took 0 ms.
2025-12-09 10:29:42,633 INFO  org.testng.internal.Utils - [Utils] MethodGroupsHelper.sortMethods() took 0 ms.
2025-12-09 10:29:42,634 INFO  org.testng.internal.Utils - [Utils] MethodGroupsHelper.collectMethodsByGroup() took 0 ms.
2025-12-09 10:29:42,634 INFO  org.testng.internal.Utils - [Utils] MethodGroupsHelper.sortMethods() took 0 ms.
2025-12-09 10:29:42,635 INFO  org.testng.internal.Utils - [Utils] MethodGroupsHelper.collectMethodsByGroup() took 0 ms.
2025-12-09 10:29:42,635 INFO  org.testng.internal.Utils - [Utils] MethodGroupsHelper.sortMethods() took 0 ms.
2025-12-09 10:29:42,638 INFO  org.testng.internal.Utils - [Utils] MethodGroupsHelper.collectMethodsByGroup() took 0 ms.
2025-12-09 10:29:42,638 INFO  org.testng.internal.Utils - [Utils] MethodGroupsHelper.sortMethods() took 0 ms.
2025-12-09 10:29:42,639 INFO  org.testng.internal.Utils - [Utils] MethodGroupsHelper.collectMethodsByGroup() took 0 ms.
2025-12-09 10:29:42,639 INFO  org.testng.internal.Utils - [Utils] MethodGroupsHelper.sortMethods() took 0 ms.
2025-12-09 10:29:42,643 INFO  org.testng.internal.Utils - [Utils] MethodGroupsHelper.collectMethodsByGroup() took 0 ms.
2025-12-09 10:29:42,644 INFO  org.testng.internal.Utils - [Utils] MethodGroupsHelper.sortMethods() took 0 ms.
2025-12-09 10:29:42,644 INFO  org.testng.internal.Utils - [Utils] MethodGroupsHelper.collectMethodsByGroup() took 0 ms.
2025-12-09 10:29:42,644 INFO  org.testng.internal.Utils - [Utils] MethodGroupsHelper.sortMethods() took 0 ms.
2025-12-09 10:29:42,645 INFO  org.testng.internal.Utils - [Utils] MethodGroupsHelper.collectMethodsByGroup() took 0 ms.
2025-12-09 10:29:42,652 INFO  org.testng.internal.Utils - [Utils] MethodGroupsHelper.sortMethods() took 0 ms.
2025-12-09 10:29:42,655 INFO  org.testng.internal.Utils - [Utils] MethodGroupsHelper.collectMethodsByGroup() took 0 ms.
2025-12-09 10:29:42,655 INFO  org.testng.internal.Utils - [Utils] MethodGroupsHelper.sortMethods() took 0 ms.
2025-12-09 10:29:42,655 INFO  org.testng.internal.Utils - [Utils] MethodGroupsHelper.collectMethodsByGroup() took 0 ms.
2025-12-09 10:29:42,655 INFO  org.testng.internal.Utils - [Utils] MethodGroupsHelper.sortMethods() took 0 ms.
2025-12-09 10:29:42,665 INFO  org.testng.internal.Utils - [TestNG] Running:
  C:\Users\Gowtham\AppData\Local\Temp\testng-eclipse-919057551\testng-customsuite.xml

2025-12-09 10:29:42,706 INFO  org.testng.internal.Utils - [Utils] DynamicGraphHelper.createDynamicGraph() took 14 ms.
2025-12-09 10:29:43,380 INFO  org.testng.internal.Utils - [TestNG] Time taken by org.testng.reporters.jq.Main@340b9973: 398 ms
2025-12-09 10:29:43,410 INFO  org.testng.internal.Utils - [TestNG] Time taken by org.testng.reporters.FailedReporter@613a8ee1: 30 ms
2025-12-09 10:29:43,425 INFO  org.testng.internal.Utils - [TestNG] Time taken by org.testng.reporters.XMLReporter@54c62d71: 14 ms
2025-12-09 10:29:43,455 INFO  org.testng.internal.Utils - [TestNG] Time taken by org.testng.reporters.EmailableReporter2@70a36a66: 30 ms
2025-12-09 10:29:43,487 INFO  org.testng.internal.Utils - [TestNG] Time taken by org.testng.reporters.JUnitReportReporter@23fb172e: 32 ms
2025-12-09 10:29:43,487 INFO  org.testng.internal.Utils - [TestNG] Time taken by org.testng.internal.ExitCodeListener@64ba3208: 0 ms
2025-12-09 10:30:30,342 DEBUG org.testng.TestNG - suiteXmlPath: "E:\Automation\eclipse-workspace\hybrid-automation-framework\master.xml"
2025-12-09 10:30:30,651 INFO  org.testng.internal.Utils - [TestNG] Running:
  E:\Automation\eclipse-workspace\hybrid-automation-framework\master.xml

2025-12-09 10:30:30,971 INFO  com.framework.tests.TC004_SearchProductTest - Execution Environment: local
2025-12-09 10:30:30,971 INFO  com.framework.tests.TC004_SearchProductTest - Browser: edge
2025-12-09 10:30:30,971 INFO  com.framework.tests.TC004_SearchProductTest - OS: WIN10
2025-12-09 10:30:30,973 INFO  com.framework.driver.DriverFactory - Initializing LOCAL driver for browser: edge
2025-12-09 10:30:41,293 INFO  com.framework.tests.TC004_SearchProductTest - Navigated to URL: https://tutorialsninja.com/demo/
2025-12-09 10:30:41,346 INFO  com.framework.tests.TC004_SearchProductTest - ===== TC004 Search Product Test Started =====
2025-12-09 10:30:41,495 INFO  com.framework.tests.TC004_SearchProductTest - Navigating to My Account
2025-12-09 10:30:41,685 INFO  com.framework.tests.TC004_SearchProductTest - Clicking on Login
2025-12-09 10:30:42,696 INFO  com.framework.tests.TC004_SearchProductTest - Entering email: piwene6598@badfist.com
2025-12-09 10:30:42,960 INFO  com.framework.tests.TC004_SearchProductTest - Entering password
2025-12-09 10:30:43,127 INFO  com.framework.tests.TC004_SearchProductTest - Clicking on Login button
2025-12-09 10:30:44,495 ERROR com.framework.tests.TC004_SearchProductTest - Unexpected Exception Occurred During Test Execution
java.lang.RuntimeException: Failed to read JSON file: src/test/resources/testData/ProductData.json → src\test\resources\testData\ProductData.json (The system cannot find the path specified)
	at com.framework.utils.JsonDataReader.loadJson(JsonDataReader.java:13)
	at com.framework.tests.TC004_SearchProductTest.searchProduct(TC004_SearchProductTest.java:43)
	at java.base/jdk.internal.reflect.DirectMethodHandleAccessor.invoke(DirectMethodHandleAccessor.java:104)
	at java.base/java.lang.reflect.Method.invoke(Method.java:565)
	at org.testng.internal.invokers.MethodInvocationHelper.invokeMethod(MethodInvocationHelper.java:141)
	at org.testng.internal.invokers.TestInvoker.invokeMethod(TestInvoker.java:687)
	at org.testng.internal.invokers.TestInvoker.invokeTestMethod(TestInvoker.java:230)
	at org.testng.internal.invokers.MethodRunner.runInSequence(MethodRunner.java:63)
	at org.testng.internal.invokers.TestInvoker$MethodInvocationAgent.invoke(TestInvoker.java:995)
	at org.testng.internal.invokers.TestInvoker.invokeTestMethods(TestInvoker.java:203)
	at org.testng.internal.invokers.TestMethodWorker.invokeTestMethods(TestMethodWorker.java:154)
	at org.testng.internal.invokers.TestMethodWorker.run(TestMethodWorker.java:134)
	at java.base/java.util.ArrayList.forEach(ArrayList.java:1604)
	at org.testng.TestRunner.privateRun(TestRunner.java:741)
	at org.testng.TestRunner.run(TestRunner.java:616)
	at org.testng.SuiteRunner.runTest(SuiteRunner.java:421)
	at org.testng.SuiteRunner.runSequentially(SuiteRunner.java:413)
	at org.testng.SuiteRunner.privateRun(SuiteRunner.java:373)
	at org.testng.SuiteRunner.run(SuiteRunner.java:312)
	at org.testng.SuiteRunnerWorker.runSuite(SuiteRunnerWorker.java:52)
	at org.testng.SuiteRunnerWorker.run(SuiteRunnerWorker.java:95)
	at org.testng.TestNG.runSuitesSequentially(TestNG.java:1274)
	at org.testng.TestNG.runSuitesLocally(TestNG.java:1208)
	at org.testng.TestNG.runSuites(TestNG.java:1112)
	at org.testng.TestNG.run(TestNG.java:1079)
	at org.testng.remote.AbstractRemoteTestNG.run(AbstractRemoteTestNG.java:115)
	at org.testng.remote.RemoteTestNG.initAndRun(RemoteTestNG.java:293)
	at org.testng.remote.RemoteTestNG.main(RemoteTestNG.java:91)
2025-12-09 10:30:44,498 ERROR com.framework.tests.TC004_SearchProductTest - Test FAILED due to an unhandled exception.
2025-12-09 10:30:44,515 INFO  com.framework.tests.TC004_SearchProductTest - ===== TC004 Search Product Test Completed Successfully =====
2025-12-09 10:30:44,684 INFO  com.framework.tests.TC004_SearchProductTest - Closing WebDriver
2025-12-09 10:39:01,178 DEBUG org.testng.TestNG - suiteXmlPath: "E:\Automation\eclipse-workspace\hybrid-automation-framework\master.xml"
2025-12-09 10:39:01,500 INFO  org.testng.internal.Utils - [TestNG] Running:
  E:\Automation\eclipse-workspace\hybrid-automation-framework\master.xml

2025-12-09 10:39:01,755 INFO  com.framework.tests.TC004_SearchProductTest - Execution Environment: local
2025-12-09 10:39:01,755 INFO  com.framework.tests.TC004_SearchProductTest - Browser: edge
2025-12-09 10:39:01,755 INFO  com.framework.tests.TC004_SearchProductTest - OS: WIN10
2025-12-09 10:39:01,756 INFO  com.framework.driver.DriverFactory - Initializing LOCAL driver for browser: edge
2025-12-09 10:39:06,665 INFO  com.framework.tests.TC004_SearchProductTest - Navigated to URL: https://tutorialsninja.com/demo/
2025-12-09 10:39:06,698 INFO  com.framework.tests.TC004_SearchProductTest - ===== TC004 Search Product Test Started =====
2025-12-09 10:39:06,744 INFO  com.framework.tests.TC004_SearchProductTest - Navigating to My Account
2025-12-09 10:39:06,997 INFO  com.framework.tests.TC004_SearchProductTest - Clicking on Login
2025-12-09 10:39:07,386 INFO  com.framework.tests.TC004_SearchProductTest - Entering email: piwene6598@badfist.com
2025-12-09 10:39:07,619 INFO  com.framework.tests.TC004_SearchProductTest - Entering password
2025-12-09 10:39:07,823 INFO  com.framework.tests.TC004_SearchProductTest - Clicking on Login button
2025-12-09 10:39:08,033 ERROR com.framework.tests.TC004_SearchProductTest - Unexpected Exception Occurred During Test Execution
java.lang.RuntimeException: Failed to read JSON file: E:\Automation\eclipse-workspace\hybrid-automation-frameworksrc/test/resources/ProductData.json → E:\Automation\eclipse-workspace\hybrid-automation-frameworksrc\test\resources\ProductData.json (The system cannot find the path specified)
	at com.framework.utils.JsonDataReader.loadJson(JsonDataReader.java:13)
	at com.framework.tests.TC004_SearchProductTest.searchProduct(TC004_SearchProductTest.java:43)
	at java.base/jdk.internal.reflect.DirectMethodHandleAccessor.invoke(DirectMethodHandleAccessor.java:104)
	at java.base/java.lang.reflect.Method.invoke(Method.java:565)
	at org.testng.internal.invokers.MethodInvocationHelper.invokeMethod(MethodInvocationHelper.java:141)
	at org.testng.internal.invokers.TestInvoker.invokeMethod(TestInvoker.java:687)
	at org.testng.internal.invokers.TestInvoker.invokeTestMethod(TestInvoker.java:230)
	at org.testng.internal.invokers.MethodRunner.runInSequence(MethodRunner.java:63)
	at org.testng.internal.invokers.TestInvoker$MethodInvocationAgent.invoke(TestInvoker.java:995)
	at org.testng.internal.invokers.TestInvoker.invokeTestMethods(TestInvoker.java:203)
	at org.testng.internal.invokers.TestMethodWorker.invokeTestMethods(TestMethodWorker.java:154)
	at org.testng.internal.invokers.TestMethodWorker.run(TestMethodWorker.java:134)
	at java.base/java.util.ArrayList.forEach(ArrayList.java:1604)
	at org.testng.TestRunner.privateRun(TestRunner.java:741)
	at org.testng.TestRunner.run(TestRunner.java:616)
	at org.testng.SuiteRunner.runTest(SuiteRunner.java:421)
	at org.testng.SuiteRunner.runSequentially(SuiteRunner.java:413)
	at org.testng.SuiteRunner.privateRun(SuiteRunner.java:373)
	at org.testng.SuiteRunner.run(SuiteRunner.java:312)
	at org.testng.SuiteRunnerWorker.runSuite(SuiteRunnerWorker.java:52)
	at org.testng.SuiteRunnerWorker.run(SuiteRunnerWorker.java:95)
	at org.testng.TestNG.runSuitesSequentially(TestNG.java:1274)
	at org.testng.TestNG.runSuitesLocally(TestNG.java:1208)
	at org.testng.TestNG.runSuites(TestNG.java:1112)
	at org.testng.TestNG.run(TestNG.java:1079)
	at org.testng.remote.AbstractRemoteTestNG.run(AbstractRemoteTestNG.java:115)
	at org.testng.remote.RemoteTestNG.initAndRun(RemoteTestNG.java:293)
	at org.testng.remote.RemoteTestNG.main(RemoteTestNG.java:91)
2025-12-09 10:39:08,043 ERROR com.framework.tests.TC004_SearchProductTest - Test FAILED due to an unhandled exception.
2025-12-09 10:39:08,045 INFO  com.framework.tests.TC004_SearchProductTest - ===== TC004 Search Product Test Completed Successfully =====
2025-12-09 10:39:08,807 INFO  com.framework.tests.TC004_SearchProductTest - Closing WebDriver
2025-12-09 10:42:30,650 DEBUG org.testng.TestNG - suiteXmlPath: "E:\Automation\eclipse-workspace\hybrid-automation-framework\master.xml"
2025-12-09 10:42:31,088 INFO  org.testng.internal.Utils - [TestNG] Running:
  E:\Automation\eclipse-workspace\hybrid-automation-framework\master.xml

2025-12-09 10:42:31,454 INFO  com.framework.tests.TC004_SearchProductTest - Execution Environment: local
2025-12-09 10:42:31,455 INFO  com.framework.tests.TC004_SearchProductTest - Browser: edge
2025-12-09 10:42:31,455 INFO  com.framework.tests.TC004_SearchProductTest - OS: WIN10
2025-12-09 10:42:31,457 INFO  com.framework.driver.DriverFactory - Initializing LOCAL driver for browser: edge
2025-12-09 10:42:35,522 INFO  com.framework.tests.TC004_SearchProductTest - Navigated to URL: https://tutorialsninja.com/demo/
2025-12-09 10:42:35,571 INFO  com.framework.tests.TC004_SearchProductTest - ===== TC004 Search Product Test Started =====
2025-12-09 10:42:35,746 INFO  com.framework.tests.TC004_SearchProductTest - Navigating to My Account
2025-12-09 10:42:36,550 INFO  com.framework.tests.TC004_SearchProductTest - Clicking on Login
2025-12-09 10:42:37,019 INFO  com.framework.tests.TC004_SearchProductTest - Entering email: piwene6598@badfist.com
2025-12-09 10:42:37,319 INFO  com.framework.tests.TC004_SearchProductTest - Entering password
2025-12-09 10:42:37,565 INFO  com.framework.tests.TC004_SearchProductTest - Clicking on Login button
2025-12-09 10:42:38,564 INFO  com.framework.tests.TC004_SearchProductTest - Entering product to search: HP LP3065
2025-12-09 10:42:38,794 INFO  com.framework.tests.TC004_SearchProductTest - Clicking on Search button
2025-12-09 10:42:39,295 INFO  com.framework.tests.TC004_SearchProductTest - Selecting category:Laptops & Notebooks
2025-12-09 10:42:39,767 INFO  com.framework.tests.TC004_SearchProductTest - Selecting 'Search in product descriptions'
2025-12-09 10:42:39,943 INFO  com.framework.tests.TC004_SearchProductTest - Clicking inner Search button
2025-12-09 10:42:40,377 INFO  com.framework.tests.TC004_SearchProductTest - Clicking on the searched product
2025-12-09 10:42:40,522 INFO  com.framework.tests.TC004_SearchProductTest - ===== TC004 Search Product Test Completed Successfully =====
2025-12-09 10:42:40,730 INFO  com.framework.tests.TC004_SearchProductTest - Closing WebDriver
2025-12-09 10:43:26,988 DEBUG org.testng.TestNG - suiteXmlPath: "E:\Automation\eclipse-workspace\hybrid-automation-framework\master.xml"
2025-12-09 10:43:27,426 INFO  org.testng.internal.Utils - [TestNG] Running:
  E:\Automation\eclipse-workspace\hybrid-automation-framework\master.xml

2025-12-09 10:43:27,879 INFO  com.framework.tests.TC004_SearchProductTest - Execution Environment: local
2025-12-09 10:43:27,879 INFO  com.framework.tests.TC004_SearchProductTest - Browser: edge
2025-12-09 10:43:27,879 INFO  com.framework.tests.TC004_SearchProductTest - OS: WIN10
2025-12-09 10:43:27,882 INFO  com.framework.driver.DriverFactory - Initializing LOCAL driver for browser: edge
2025-12-09 10:43:32,725 INFO  com.framework.tests.TC004_SearchProductTest - Navigated to URL: https://tutorialsninja.com/demo/
2025-12-09 10:43:32,758 INFO  com.framework.tests.TC004_SearchProductTest - ===== TC004 Search Product Test Started =====
2025-12-09 10:43:32,791 INFO  com.framework.tests.TC004_SearchProductTest - Navigating to My Account
2025-12-09 10:43:33,152 INFO  com.framework.tests.TC004_SearchProductTest - Clicking on Login
2025-12-09 10:43:33,566 INFO  com.framework.tests.TC004_SearchProductTest - Entering email: piwene6598@badfist.com
2025-12-09 10:43:33,842 INFO  com.framework.tests.TC004_SearchProductTest - Entering password
2025-12-09 10:43:34,065 INFO  com.framework.tests.TC004_SearchProductTest - Clicking on Login button
2025-12-09 10:43:35,002 INFO  com.framework.tests.TC004_SearchProductTest - Entering product to search: HP LP3065
2025-12-09 10:43:35,268 INFO  com.framework.tests.TC004_SearchProductTest - Clicking on Search button
2025-12-09 10:43:35,714 INFO  com.framework.tests.TC004_SearchProductTest - Selecting category:Laptops & Notebooks
2025-12-09 10:43:36,135 INFO  com.framework.tests.TC004_SearchProductTest - Selecting 'Search in product descriptions'
2025-12-09 10:43:36,387 INFO  com.framework.tests.TC004_SearchProductTest - Clicking inner Search button
2025-12-09 10:43:36,807 INFO  com.framework.tests.TC004_SearchProductTest - Clicking on the searched product
2025-12-09 10:43:36,952 INFO  com.framework.tests.TC004_SearchProductTest - ===== TC004 Search Product Test Completed Successfully =====
2025-12-09 10:43:36,989 INFO  com.framework.tests.TC004_SearchProductTest - Closing WebDriver
2025-12-09 10:46:10,332 DEBUG org.testng.TestNG - suiteXmlPath: "E:\Automation\eclipse-workspace\hybrid-automation-framework\master.xml"
2025-12-09 10:46:10,784 INFO  org.testng.internal.Utils - [TestNG] Running:
  E:\Automation\eclipse-workspace\hybrid-automation-framework\master.xml

2025-12-09 10:46:11,258 INFO  com.framework.tests.TC004_SearchProductTest - Execution Environment: local
2025-12-09 10:46:11,258 INFO  com.framework.tests.TC004_SearchProductTest - Browser: edge
2025-12-09 10:46:11,258 INFO  com.framework.tests.TC004_SearchProductTest - OS: WIN10
2025-12-09 10:46:11,261 INFO  com.framework.driver.DriverFactory - Initializing LOCAL driver for browser: edge
2025-12-09 10:46:16,100 INFO  com.framework.tests.TC004_SearchProductTest - Navigated to URL: https://tutorialsninja.com/demo/
2025-12-09 10:46:16,133 INFO  com.framework.tests.TC004_SearchProductTest - ===== TC004 Search Product Test Started =====
2025-12-09 10:46:16,177 INFO  com.framework.tests.TC004_SearchProductTest - Navigating to My Account
2025-12-09 10:46:17,112 INFO  com.framework.tests.TC004_SearchProductTest - Clicking on Login
2025-12-09 10:46:17,537 INFO  com.framework.tests.TC004_SearchProductTest - Entering email: piwene6598@badfist.com
2025-12-09 10:46:17,840 INFO  com.framework.tests.TC004_SearchProductTest - Entering password
2025-12-09 10:46:18,075 INFO  com.framework.tests.TC004_SearchProductTest - Clicking on Login button
2025-12-09 10:46:18,367 INFO  com.framework.tests.TC004_SearchProductTest - Entering product to search: HP LP3065
2025-12-09 10:46:19,346 INFO  com.framework.tests.TC004_SearchProductTest - Clicking on Search button
2025-12-09 10:46:19,758 INFO  com.framework.tests.TC004_SearchProductTest - Selecting category:Laptops & Notebooks
2025-12-09 10:46:20,166 INFO  com.framework.tests.TC004_SearchProductTest - Selecting 'Search in product descriptions'
2025-12-09 10:46:20,325 INFO  com.framework.tests.TC004_SearchProductTest - Clicking inner Search button
2025-12-09 10:46:20,843 INFO  com.framework.tests.TC004_SearchProductTest - Getting and validating the product name: HP LP3065
2025-12-09 10:46:20,954 INFO  com.framework.tests.TC004_SearchProductTest - ===== TC004 Search Product Test Completed Successfully =====
2025-12-09 10:46:20,986 INFO  com.framework.tests.TC004_SearchProductTest - Closing WebDriver
